[17:54:33] [ServerMain/INFO]: [bootstrap] Running Java 21 (OpenJDK 64-Bit Server VM 21.0.8+9-Ubuntu-0ubuntu124.04.1; Ubuntu null) on Linux 6.8.0-1030-azure (amd64)
[17:54:33] [ServerMain/INFO]: [bootstrap] Loading Paper 1.21.10-113-main@9fc21bc (2025-11-14T16:11:13Z) for Minecraft 1.21.10
[17:54:33] [ServerMain/INFO]: [PluginInitializerManager] Initializing plugins...
[17:54:37] [ServerMain/INFO]: [PluginInitializerManager] Initialized 6 plugins
[17:54:37] [ServerMain/INFO]: [PluginInitializerManager] Bukkit plugins (6):
 - Chunky (1.4.40), Geyser-Spigot (2.9.0-SNAPSHOT), GravesX (4.9.9.4), SkinsRestorer (15.9.0), ViaVersion (5.5.2-SNAPSHOT), floodgate (2.2.5-SNAPSHOT (b121-55a85ec))
[17:54:42] [ServerMain/INFO]: Environment: Environment[sessionHost=https://sessionserver.mojang.com, servicesHost=https://api.minecraftservices.com, profilesHost=https://api.mojang.com, name=PROD]
[17:54:45] [ServerMain/INFO]: Loaded 1461 recipes
[17:54:45] [ServerMain/INFO]: Loaded 1574 advancements
[17:54:45] [ServerMain/INFO]: [ca.spottedleaf.dataconverter.minecraft.datatypes.MCTypeRegistry] Initialising converters for DataConverter...
[17:54:45] [ServerMain/INFO]: [ca.spottedleaf.dataconverter.minecraft.datatypes.MCTypeRegistry] Finished initialising converters for DataConverter in 414.4ms
[17:54:45] [Server thread/INFO]: Starting minecraft server version 1.21.10
[17:54:45] [Server thread/INFO]: Loading properties
[17:54:45] [Server thread/INFO]: This server is running Paper version 1.21.10-113-main@9fc21bc (2025-11-14T16:11:13Z) (Implementing API version 1.21.10-R0.1-SNAPSHOT)
[17:54:45] [Server thread/INFO]: [spark] This server bundles the spark profiler. For more information please visit https://docs.papermc.io/paper/profiling
[17:54:45] [Server thread/INFO]: Server Ping Player Sample Count: 12
[17:54:45] [Server thread/INFO]: Using 4 threads for Netty based IO
[17:54:47] [Server thread/INFO]: [MoonriseCommon] Paper is using 1 worker threads, 1 I/O threads
[17:54:48] [Server thread/INFO]: Default game type: SURVIVAL
[17:54:48] [Server thread/INFO]: Generating keypair
[17:54:48] [Server thread/INFO]: Starting Minecraft server on *:25565
[17:54:48] [Server thread/INFO]: Using epoll channel type
[17:54:48] [Server thread/INFO]: Paper: Using libdeflate (Linux x86_64) compression from Velocity.
[17:54:48] [Server thread/INFO]: Paper: Using OpenSSL 3.x.x (Linux x86_64) cipher from Velocity.
[17:54:49] [Server thread/INFO]: [floodgate] Loading server plugin floodgate v2.2.5-SNAPSHOT (b121-55a85ec)
[17:54:50] [Server thread/WARN]: [floodgate] en_ is not a supported Floodgate language.
[17:54:50] [Server thread/INFO]: [floodgate] Took 1,038ms to boot Floodgate
[17:54:50] [Server thread/INFO]: [ViaVersion] Loading server plugin ViaVersion v5.5.2-SNAPSHOT
[17:54:50] [Server thread/INFO]: [ViaVersion] ViaVersion 5.5.2-SNAPSHOT is now loaded. Registering protocol transformers and injecting...
[17:54:50] [Via-Mappingloader-1/INFO]: [ViaVersion] Loading block connection mappings ...
[17:54:51] [Via-Mappingloader-1/INFO]: [ViaVersion] Using FastUtil Long2ObjectOpenHashMap for block connections
[17:54:51] [Server thread/INFO]: [Geyser-Spigot] Loading server plugin Geyser-Spigot v2.9.0-SNAPSHOT
[17:54:51] [Server thread/INFO]: [Geyser-Spigot] Loading extensions...
[17:54:51] [Server thread/INFO]: [Geyser-Spigot] Loaded 0 extension(s)
[17:54:51] [Server thread/INFO]: [SkinsRestorer] Loading server plugin SkinsRestorer v15.9.0
[17:54:51] [Server thread/INFO]: [GravesX] Loading server plugin GravesX v4.9.9.4
[17:54:51] [Server thread/INFO]: [GravesX] [Modules] No module jars found in plugins/GravesX/modules
[17:54:51] [Server thread/INFO]: [GravesX] [Modules] Loaded descriptors during onLoad.
[17:54:51] [Server thread/INFO]: [Chunky] Loading server plugin Chunky v1.4.40
[17:54:51] [Server thread/INFO]: Server permissions file permissions.yml is empty, ignoring it
[17:54:51] [Server thread/INFO]: [SkinsRestorer] Enabling SkinsRestorer v15.9.0
[17:54:52] [Server thread/INFO]: [SkinsRestorer] Running on Minecraft 1.21.10.
[17:54:53] [Server thread/INFO]: [SkinsRestorer] Floodgate skin listener registered
[17:54:53] [Server thread/INFO]: [SkinsRestorer] Using paper join listener!
[17:54:53] [Server thread/WARN]: **** SERVER IS RUNNING IN OFFLINE/INSECURE MODE!
[17:54:53] [Server thread/WARN]: The server will make no attempt to authenticate usernames. Beware.
[17:54:53] [Server thread/WARN]: While this makes the game possible to play without internet access, it also opens up the ability for hackers to connect with any username they choose.
[17:54:53] [Server thread/WARN]: To change this, set "online-mode" to "true" in the server.properties file.
[17:54:53] [Server thread/INFO]: Preparing level "world"
[17:54:53] [Folia Async Scheduler Thread #1/INFO]: [SkinsRestorer] ----------------------------------------------
[17:54:53] [Folia Async Scheduler Thread #1/INFO]: [SkinsRestorer]     +==================+
[17:54:53] [Folia Async Scheduler Thread #1/INFO]: [SkinsRestorer]     |   SkinsRestorer  |
[17:54:53] [Folia Async Scheduler Thread #1/INFO]: [SkinsRestorer]     |------------------|
[17:54:53] [Folia Async Scheduler Thread #1/INFO]: [SkinsRestorer]     |  Standalone Mode |
[17:54:53] [Folia Async Scheduler Thread #1/INFO]: [SkinsRestorer]     +==================+
[17:54:53] [Folia Async Scheduler Thread #1/INFO]: [SkinsRestorer] ----------------------------------------------
[17:54:53] [Folia Async Scheduler Thread #1/INFO]: [SkinsRestorer]     Version: 15.9.0
[17:54:53] [Folia Async Scheduler Thread #1/INFO]: [SkinsRestorer]     Commit: 1565b8f
[17:54:53] [Folia Async Scheduler Thread #1/INFO]: [SkinsRestorer]     This is the latest version!
[17:54:53] [Folia Async Scheduler Thread #1/INFO]: [SkinsRestorer] ----------------------------------------------
[17:54:53] [Folia Async Scheduler Thread #1/INFO]: [SkinsRestorer] Do you have issues? Read our troubleshooting guide: https://skinsrestorer.net/docs/troubleshooting
[17:54:53] [Folia Async Scheduler Thread #1/INFO]: [SkinsRestorer] Want to support SkinsRestorer? Consider donating: https://skinsrestorer.net/donate
[17:54:54] [Server thread/INFO]: Loading 0 persistent chunks for world 'minecraft:overworld'...
[17:54:54] [Server thread/INFO]: Prepared spawn area in 1 ms
[17:54:54] [Server thread/INFO]: Loading 0 persistent chunks for world 'minecraft:the_nether'...
[17:54:54] [Server thread/INFO]: Preparing spawn area: 100%
[17:54:54] [Server thread/INFO]: Prepared spawn area in 1 ms
[17:54:54] [Server thread/INFO]: Loading 0 persistent chunks for world 'minecraft:the_end'...
[17:54:54] [Server thread/INFO]: Prepared spawn area in 1 ms
[17:54:54] [Server thread/INFO]: Done preparing level "world" (0.923s)
[17:54:54] [Server thread/INFO]: [floodgate] Enabling floodgate v2.2.5-SNAPSHOT (b121-55a85ec)
[17:54:54] [Server thread/INFO]: [ViaVersion] Enabling ViaVersion v5.5.2-SNAPSHOT
[17:54:54] [Server thread/INFO]: [ViaVersion] ViaVersion detected server version: 1.21.9-1.21.10 (773)
[17:54:54] [Server thread/WARN]: [ViaVersion] ViaVersion does not have any compatible versions for this server version!
[17:54:54] [Server thread/WARN]: [ViaVersion] ViaVersion only supports newer client versions. Use ViaBackwards to allow older versions (ViaRewind for 1.7/1.8) to join.
[17:54:54] [Server thread/WARN]: [ViaVersion] Get setup help at https://viaversion.com/setup or download ViaBackwards/ViaRewind directly at https://ci.viaversion.com/
[17:54:54] [Server thread/WARN]: [ViaVersion] Need more help? Join our Discord at https://viaversion.com/discord
[17:54:54] [Server thread/INFO]: [Geyser-Spigot] Enabling Geyser-Spigot v2.9.0-SNAPSHOT
[17:54:56] [Server thread/INFO]: [GravesX] Enabling GravesX v4.9.9.4
[17:54:56] [Server thread/INFO]: [GravesX] Loading Libraries for GravesX
[17:54:56] [Server thread/WARN]: [GravesX] Paper v.1.21.10-113-9fc21bc (MC: 1.21.10) detected. Using BukkitLibraryManager to download and load libraries.
[17:54:58] [Server thread/INFO]: [GravesX] Finished Loading Libraries for GravesX.
[17:54:59] [Server thread/INFO]: [GravesX] Integration: Hooked into MiniMessage.
[17:54:59] [Server thread/WARN]: [GravesX] Compatibility: Paper or a Paper fork detected. To ensure holograms disappear correctly when looting graves, make sure 'armor-stands-tick' or 'armor-stands.tick' is set to true. This is not a bug.
[17:54:59] [Server thread/INFO]: [GravesX] Integration: Hooked into Geyser-Spigot 2.9.0-SNAPSHOT.
[17:54:59] [Server thread/INFO]: [GravesX] Integration: Hooked into floodgate 2.2.5-SNAPSHOT (b121-55a85ec).
[17:54:59] [Server thread/INFO]: [com.ranull.graves.libraries.hikari.HikariDataSource] Graves H2 - Starting...
[17:54:59] [Server thread/INFO]: [com.ranull.graves.libraries.hikari.pool.HikariPool] Graves H2 - Added connection conn0: url=jdbc:h2:file:/workspaces/VB/servidor_minecraft/plugins/GravesX/data/graves.data user=SA
[17:54:59] [Server thread/INFO]: [com.ranull.graves.libraries.hikari.HikariDataSource] Graves H2 - Start completed.
[17:54:59] [Server thread/WARN]: [GravesX] No SQLite database at plugins/GravesX/data/data.db; skipping migration.
[17:54:59] [Folia Async Scheduler Thread #2/INFO]: [GravesX] Loading grave maps...
[17:54:59] [pool-14-thread-1/WARN]: [floodgate] 
**********************************
* You specified an empty prefix in your Floodgate config for Bedrock players!
* Should a Java player join and a Bedrock player join with the same username, unwanted results and conflicts will happen!
* We strongly recommend using . as the prefix, but other alternatives that will not conflict include: +, - and *
**********************************
[17:54:59] [Folia Async Scheduler Thread #2/WARN]: [GravesX] Grave 0ad31d7b-ea2c-400e-93a4-348771de4569 at location World: world, x: -666, y: -43, z: 163 has the following missing from grave data: killer_type. This shouldn't affect grave behavior. Do not report this as a bug.
[17:55:00] [Folia Async Scheduler Thread #2/WARN]: [GravesX] Grave 7077bf96-a11c-4613-a5f9-8bca1d75f4f0 at location World: world, x: -664, y: 36, z: 166 has the following missing from grave data: killer_type. This shouldn't affect grave behavior. Do not report this as a bug.
[17:55:00] [Folia Async Scheduler Thread #2/INFO]: [GravesX] Loaded 6 grave maps into cache.
[17:55:00] [Folia Async Scheduler Thread #3/INFO]: [GravesX] Loading Block Map cache...
[17:55:00] [Folia Async Scheduler Thread #3/INFO]: [GravesX] Queued 6 Blocks into the Block Map Cache (batched by chunk).
[17:55:00] [Folia Async Scheduler Thread #0/INFO]: [GravesX] Loading Holograms into Hologram Map Cache...
[17:55:00] [Folia Async Scheduler Thread #4/INFO]: [GravesX] Loading Entity Map Cache for itemframe...
[17:55:00] [Folia Async Scheduler Thread #4/INFO]: [GravesX] Loaded 0 entities into Entity Map Cache for itemframe.
[17:55:00] [Folia Async Scheduler Thread #3/INFO]: [GravesX] Loading Entity Map Cache for armorstand...
[17:55:00] [Folia Async Scheduler Thread #3/INFO]: [GravesX] Loaded 0 entities into Entity Map Cache for armorstand.
[17:55:00] [Folia Async Scheduler Thread #0/INFO]: [GravesX] Loaded 18 Holograms into Hologram Map Cache.
[17:55:00] [Server thread/INFO]: [GravesX] Metrics has been enabled. All metrics will be sent to https://bstats.org/plugin/bukkit/Graves/12849 and https://bstats.org/plugin/bukkit/GravesX/23069.
[17:55:00] [Server thread/INFO]: [Chunky] Enabling Chunky v1.4.40
[17:55:00] [Server thread/INFO]: [spark] Starting background profiler...
[17:55:01] [Server thread/INFO]: [Geyser-Spigot] ******************************************
[17:55:01] [Server thread/INFO]: [Geyser-Spigot] 
[17:55:01] [Server thread/INFO]: [Geyser-Spigot] Loading Geyser version 2.9.0-b985 (git-master-765128c)
[17:55:01] [Server thread/INFO]: [Geyser-Spigot] 
[17:55:01] [Server thread/INFO]: [Geyser-Spigot] ******************************************
[17:55:04] [GeyserServer-3-1/INFO]: [Geyser-Spigot] Started Geyser on UDP port 2892
[17:55:04] [Server thread/INFO]: [Geyser-Spigot] Done (3.535s)! Run /geyser help for help!
[17:55:05] [ForkJoinPool.commonPool-worker-3/INFO]: [Geyser-Spigot] There's a new Geyser update available to support Bedrock version 1.21.124. Download it here: https://geysermc.org/download
[17:55:05] [Server thread/INFO]: Running delayed init tasks
[17:55:05] [Server thread/INFO]: Done (33.660s)! For help, type "help"
[17:55:05] [Craft Scheduler Thread - 2 - ViaVersion/INFO]: [ViaVersion] Finished mapping loading, shutting down loader executor.
[17:55:05] [Server thread/INFO]: [GravesX] Registering Crash Handler...
[17:55:05] [Server thread/INFO]: [GravesX] Registered Crash Handler. Server will handle crashes in a separate thread.
[17:55:05] [Server thread/INFO]: [ViaVersion] You are running a development version of the plugin, please report any bugs to GitHub.
[17:56:40] [GeyserServerChild-4-1/INFO]: [Geyser-Spigot] Bedrock user with ip: /127.145.126.64 has disconnected for reason Outdated Geyser proxy! This server supports the following Bedrock versions: 1.21.90, 1.21.91, 1.21.92, 1.21.93, 1.21.94, 1.21.100, 1.21.101, 1.21.111, 1.21.112, 1.21.113, 1.21.114, 1.21.120
§r§aThe latest Geyser release supports this Bedrock version. A server admin can download the update at §r§9https://geysermc.org/download
[17:57:40] [GeyserServerChild-4-2/INFO]: [Geyser-Spigot] Bedrock user with ip: /127.145.126.64 has disconnected for reason Outdated Geyser proxy! This server supports the following Bedrock versions: 1.21.90, 1.21.91, 1.21.92, 1.21.93, 1.21.94, 1.21.100, 1.21.101, 1.21.111, 1.21.112, 1.21.113, 1.21.114, 1.21.120
§r§aThe latest Geyser release supports this Bedrock version. A server admin can download the update at §r§9https://geysermc.org/download
[17:59:57] [Server thread/INFO]: Stopping the server
[17:59:57] [Server thread/INFO]: Stopping server
[17:59:57] [Server thread/INFO]: [Chunky] Disabling Chunky v1.4.40
[17:59:57] [Server thread/INFO]: [GravesX] Disabling GravesX v4.9.9.4
[17:59:57] [Server thread/INFO]: [GravesX] Saving Grave inventories before shutting down...
[17:59:57] [Server thread/INFO]: [GravesX] Grave inventories saved.
[17:59:57] [Server thread/INFO]: [GravesX] Shutting Down GravesX...
[17:59:57] [Server thread/INFO]: [com.ranull.graves.libraries.hikari.HikariDataSource] Graves H2 - Shutdown initiated...
[17:59:57] [Server thread/INFO]: [com.ranull.graves.libraries.hikari.HikariDataSource] Graves H2 - Shutdown completed.
[17:59:57] [Server thread/INFO]: [GravesX] Unloading GraveManager...
[17:59:57] [Server thread/INFO]: [GravesX] Unloaded GraveManager Successfully.
[17:59:57] [Server thread/INFO]: [GravesX] Unloading IntegrationManager...
[17:59:57] [Server thread/INFO]: [GravesX] Unloaded IntegrationManager Successfully.
[17:59:57] [Server thread/INFO]: [GravesX] Unloading RecipeManager...
[17:59:57] [Server thread/INFO]: [GravesX] Unloaded RecipeManager Successfully.
[17:59:57] [Server thread/INFO]: [GravesX] Shutdown Completed :)
[17:59:57] [Server thread/INFO]: [SkinsRestorer] Disabling SkinsRestorer v15.9.0
[17:59:57] [Server thread/INFO]: [Geyser-Spigot] Disabling Geyser-Spigot v2.9.0-SNAPSHOT
[17:59:57] [Server thread/INFO]: [Geyser-Spigot] Shutting down Geyser.
[17:59:57] [Server thread/INFO]: [Geyser-Spigot] Geyser shutdown successfully.
[17:59:57] [Server thread/INFO]: [ViaVersion] Disabling ViaVersion v5.5.2-SNAPSHOT
[17:59:57] [Server thread/INFO]: [ViaVersion] ViaVersion has been disabled; uninjected the platform and shut down the scheduler.
[17:59:57] [Server thread/INFO]: [floodgate] Disabling floodgate v2.2.5-SNAPSHOT (b121-55a85ec)
[17:59:57] [Server thread/INFO]: Saving players
[17:59:58] [WebSocketConnectReadThread-103/INFO]: [Geyser-Spigot] The skin uploader has been closed
[17:59:58] [Server thread/INFO]: Saving worlds
[17:59:58] [Server thread/INFO]: Saving chunks for level 'ServerLevel[world]'/minecraft:overworld
[17:59:58] [Server thread/INFO]: [ChunkHolderManager] Waiting 60s for chunk system to halt for world 'world'
[17:59:58] [Server thread/INFO]: [ChunkHolderManager] Halted chunk system for world 'world'
[17:59:58] [Server thread/INFO]: [ChunkHolderManager] Saving all chunkholders for world 'world'
[17:59:58] [Server thread/INFO]: [ChunkHolderManager] Saved 0 block chunks, 0 entity chunks, 0 poi chunks in world 'world' in 0.00s
[17:59:58] [Server thread/INFO]: [ChunkHolderManager] Waiting 60s for chunk I/O to halt for world 'world'
[17:59:58] [Server thread/INFO]: [ChunkHolderManager] Halted I/O scheduler for world 'world'
[17:59:58] [Server thread/INFO]: Saving chunks for level 'ServerLevel[world_nether]'/minecraft:the_nether
[17:59:58] [Server thread/INFO]: [ChunkHolderManager] Waiting 60s for chunk system to halt for world 'world_nether'
[17:59:58] [Server thread/INFO]: [ChunkHolderManager] Halted chunk system for world 'world_nether'
[17:59:58] [Server thread/INFO]: [ChunkHolderManager] Saving all chunkholders for world 'world_nether'
[17:59:58] [Server thread/INFO]: [ChunkHolderManager] Saved 0 block chunks, 0 entity chunks, 0 poi chunks in world 'world_nether' in 0.00s
[17:59:58] [Server thread/INFO]: [ChunkHolderManager] Waiting 60s for chunk I/O to halt for world 'world_nether'
[17:59:58] [Server thread/INFO]: [ChunkHolderManager] Halted I/O scheduler for world 'world_nether'
[17:59:58] [Server thread/INFO]: Saving chunks for level 'ServerLevel[world_the_end]'/minecraft:the_end
[17:59:58] [Server thread/INFO]: [ChunkHolderManager] Waiting 60s for chunk system to halt for world 'world_the_end'
[17:59:58] [Server thread/INFO]: [ChunkHolderManager] Halted chunk system for world 'world_the_end'
[17:59:58] [Server thread/INFO]: [ChunkHolderManager] Saving all chunkholders for world 'world_the_end'
[17:59:58] [Server thread/INFO]: [ChunkHolderManager] Saved 0 block chunks, 0 entity chunks, 0 poi chunks in world 'world_the_end' in 0.00s
[17:59:58] [Server thread/INFO]: [ChunkHolderManager] Waiting 60s for chunk I/O to halt for world 'world_the_end'
[17:59:58] [Server thread/INFO]: [ChunkHolderManager] Halted I/O scheduler for world 'world_the_end'
[17:59:58] [Server thread/INFO]: ThreadedAnvilChunkStorage (world): All chunks are saved
[17:59:58] [Server thread/INFO]: ThreadedAnvilChunkStorage (DIM-1): All chunks are saved
[17:59:58] [Server thread/INFO]: ThreadedAnvilChunkStorage (DIM1): All chunks are saved
[17:59:58] [Server thread/INFO]: ThreadedAnvilChunkStorage: All dimensions are saved
[17:59:58] [Server thread/INFO]: Waiting for all RegionFile I/O tasks to complete...
[17:59:58] [Server thread/INFO]: All RegionFile I/O tasks to complete
[17:59:58] [Server thread/INFO]: [MoonriseCommon] Awaiting termination of worker pool for up to 60s...
[17:59:58] [Server thread/INFO]: [MoonriseCommon] Awaiting termination of I/O pool for up to 60s...
